exports[`About Reducer should handle the ABOUT_FETCH action 1`] = `Object {}`;

exports[`About Reducer should return the initial state 1`] = `Object {}`;
