exports[`Work Reducer should handle the WORK_FETCH action 1`] = `Object {}`;

exports[`Work Reducer should return the initial state 1`] = `Object {}`;
