// Jest Snapshot v1, https://goo.gl/fbAQLP

exports[`About Component renders the about component 1`] = `
<About
  about={Object {}}
  fetchPage={[Function]}
  hasErrored={null}
  isLoading={false}
  store={
    Object {
      "clearActions": [Function],
      "dispatch": [Function],
      "getActions": [Function],
      "getState": [Function],
      "replaceReducer": [Function],
      "subscribe": [Function],
    }
  }
/>
`;
