exports[`Wrapper renders the Wrapper component 1`] = `
<div
  class="guUdxq" />
`;
